building the reference phase trace (replicate 0)...
🔄 Creating fresh config for experiment 'FullVNC_DNg100_Stim' with paths template 'fly_robot'
✅ Created fresh config:
   Experiment: FullVNC_DNg100_Stim
   Version: debug
   Paths template: fly_robot
   Save dir: /Users/sakshaymahna/Documents/fly-cord-robots/data/simulation_output/FullVNC_DNg100_Stim/debug/run_id=closed_loop_s641_r0
Created 1 stimulus configurations
  active (rhythmic) legs in reference: ['T1-LHS', 'T1-RHS', 'T2-LHS', 'T2-RHS', 'T3-LHS', 'T3-RHS']

🔄 Creating fresh config for experiment 'FullVNC_DNg100_Stim' with paths template 'fly_robot'
✅ Created fresh config:
   Experiment: FullVNC_DNg100_Stim
   Version: debug
   Paths template: fly_robot
   Save dir: /Users/sakshaymahna/Documents/fly-cord-robots/data/simulation_output/FullVNC_DNg100_Stim/debug/run_id=closed_loop_s641_r0
Created 1 stimulus configurations
     K  rep  n_active   max_fr  unstable  n_rhythmic  saturated
🔄 Creating fresh config for experiment 'FullVNC_DNg100_Stim' with paths template 'fly_robot'
✅ Created fresh config:
   Experiment: FullVNC_DNg100_Stim
   Version: debug
   Paths template: fly_robot
   Save dir: /Users/sakshaymahna/Documents/fly-cord-robots/data/simulation_output/FullVNC_DNg100_Stim/debug/run_id=closed_loop_s641_r0
Created 1 stimulus configurations
   0.0    0       515     24.4     False           6      False
🔄 Creating fresh config for experiment 'FullVNC_DNg100_Stim' with paths template 'fly_robot'
✅ Created fresh config:
   Experiment: FullVNC_DNg100_Stim
   Version: debug
   Paths template: fly_robot
   Save dir: /Users/sakshaymahna/Documents/fly-cord-robots/data/simulation_output/FullVNC_DNg100_Stim/debug/run_id=closed_loop_s641_r1
Created 1 stimulus configurations
   0.0    1       399     19.5     False           3      False
🔄 Creating fresh config for experiment 'FullVNC_DNg100_Stim' with paths template 'fly_robot'
✅ Created fresh config:
   Experiment: FullVNC_DNg100_Stim
   Version: debug
   Paths template: fly_robot
   Save dir: /Users/sakshaymahna/Documents/fly-cord-robots/data/simulation_output/FullVNC_DNg100_Stim/debug/run_id=closed_loop_s641_r4
Created 1 stimulus configurations
   0.0    4       460     25.4     False           3      False
🔄 Creating fresh config for experiment 'FullVNC_DNg100_Stim' with paths template 'fly_robot'
✅ Created fresh config:
   Experiment: FullVNC_DNg100_Stim
   Version: debug
   Paths template: fly_robot
   Save dir: /Users/sakshaymahna/Documents/fly-cord-robots/data/simulation_output/FullVNC_DNg100_Stim/debug/run_id=closed_loop_s641_r6
Created 1 stimulus configurations
   0.0    6       426     17.5     False           4      False
🔄 Creating fresh config for experiment 'FullVNC_DNg100_Stim' with paths template 'fly_robot'
✅ Created fresh config:
   Experiment: FullVNC_DNg100_Stim
   Version: debug
   Paths template: fly_robot
   Save dir: /Users/sakshaymahna/Documents/fly-cord-robots/data/simulation_output/FullVNC_DNg100_Stim/debug/run_id=closed_loop_s641_r0
Created 1 stimulus configurations
   1.0    0       515     24.4     False           6      False
🔄 Creating fresh config for experiment 'FullVNC_DNg100_Stim' with paths template 'fly_robot'
✅ Created fresh config:
   Experiment: FullVNC_DNg100_Stim
   Version: debug
   Paths template: fly_robot
   Save dir: /Users/sakshaymahna/Documents/fly-cord-robots/data/simulation_output/FullVNC_DNg100_Stim/debug/run_id=closed_loop_s641_r1
Created 1 stimulus configurations
   1.0    1       400     19.4     False           3      False
🔄 Creating fresh config for experiment 'FullVNC_DNg100_Stim' with paths template 'fly_robot'
✅ Created fresh config:
   Experiment: FullVNC_DNg100_Stim
   Version: debug
   Paths template: fly_robot
   Save dir: /Users/sakshaymahna/Documents/fly-cord-robots/data/simulation_output/FullVNC_DNg100_Stim/debug/run_id=closed_loop_s641_r4
Created 1 stimulus configurations
   1.0    4       479     26.0     False           3      False
🔄 Creating fresh config for experiment 'FullVNC_DNg100_Stim' with paths template 'fly_robot'
✅ Created fresh config:
   Experiment: FullVNC_DNg100_Stim
   Version: debug
   Paths template: fly_robot
   Save dir: /Users/sakshaymahna/Documents/fly-cord-robots/data/simulation_output/FullVNC_DNg100_Stim/debug/run_id=closed_loop_s641_r6
Created 1 stimulus configurations
   1.0    6       446     17.7     False           4      False
🔄 Creating fresh config for experiment 'FullVNC_DNg100_Stim' with paths template 'fly_robot'
✅ Created fresh config:
   Experiment: FullVNC_DNg100_Stim
   Version: debug
   Paths template: fly_robot
   Save dir: /Users/sakshaymahna/Documents/fly-cord-robots/data/simulation_output/FullVNC_DNg100_Stim/debug/run_id=closed_loop_s641_r0
Created 1 stimulus configurations
   2.0    0       527     24.5     False           6      False
🔄 Creating fresh config for experiment 'FullVNC_DNg100_Stim' with paths template 'fly_robot'
✅ Created fresh config:
   Experiment: FullVNC_DNg100_Stim
   Version: debug
   Paths template: fly_robot
   Save dir: /Users/sakshaymahna/Documents/fly-cord-robots/data/simulation_output/FullVNC_DNg100_Stim/debug/run_id=closed_loop_s641_r1
Created 1 stimulus configurations
   2.0    1       410     19.4     False           3      False
🔄 Creating fresh config for experiment 'FullVNC_DNg100_Stim' with paths template 'fly_robot'
✅ Created fresh config:
   Experiment: FullVNC_DNg100_Stim
   Version: debug
   Paths template: fly_robot
   Save dir: /Users/sakshaymahna/Documents/fly-cord-robots/data/simulation_output/FullVNC_DNg100_Stim/debug/run_id=closed_loop_s641_r4
Created 1 stimulus configurations
   2.0    4       459     26.0     False           3      False
🔄 Creating fresh config for experiment 'FullVNC_DNg100_Stim' with paths template 'fly_robot'
✅ Created fresh config:
   Experiment: FullVNC_DNg100_Stim
   Version: debug
   Paths template: fly_robot
   Save dir: /Users/sakshaymahna/Documents/fly-cord-robots/data/simulation_output/FullVNC_DNg100_Stim/debug/run_id=closed_loop_s641_r6
Created 1 stimulus configurations
   2.0    6       443     17.9     False           4      False
🔄 Creating fresh config for experiment 'FullVNC_DNg100_Stim' with paths template 'fly_robot'
✅ Created fresh config:
   Experiment: FullVNC_DNg100_Stim
   Version: debug
   Paths template: fly_robot
   Save dir: /Users/sakshaymahna/Documents/fly-cord-robots/data/simulation_output/FullVNC_DNg100_Stim/debug/run_id=closed_loop_s641_r0
Created 1 stimulus configurations
   4.0    0       528     24.4     False           6      False
🔄 Creating fresh config for experiment 'FullVNC_DNg100_Stim' with paths template 'fly_robot'
✅ Created fresh config:
   Experiment: FullVNC_DNg100_Stim
   Version: debug
   Paths template: fly_robot
   Save dir: /Users/sakshaymahna/Documents/fly-cord-robots/data/simulation_output/FullVNC_DNg100_Stim/debug/run_id=closed_loop_s641_r1
Created 1 stimulus configurations
   4.0    1       419     19.4     False           3      False
🔄 Creating fresh config for experiment 'FullVNC_DNg100_Stim' with paths template 'fly_robot'
✅ Created fresh config:
   Experiment: FullVNC_DNg100_Stim
   Version: debug
   Paths template: fly_robot
   Save dir: /Users/sakshaymahna/Documents/fly-cord-robots/data/simulation_output/FullVNC_DNg100_Stim/debug/run_id=closed_loop_s641_r4
Created 1 stimulus configurations
   4.0    4       490     25.9     False           4      False
🔄 Creating fresh config for experiment 'FullVNC_DNg100_Stim' with paths template 'fly_robot'
✅ Created fresh config:
   Experiment: FullVNC_DNg100_Stim
   Version: debug
   Paths template: fly_robot
   Save dir: /Users/sakshaymahna/Documents/fly-cord-robots/data/simulation_output/FullVNC_DNg100_Stim/debug/run_id=closed_loop_s641_r6
Created 1 stimulus configurations
   4.0    6       464     18.2     False           4      False
🔄 Creating fresh config for experiment 'FullVNC_DNg100_Stim' with paths template 'fly_robot'
✅ Created fresh config:
   Experiment: FullVNC_DNg100_Stim
   Version: debug
   Paths template: fly_robot
   Save dir: /Users/sakshaymahna/Documents/fly-cord-robots/data/simulation_output/FullVNC_DNg100_Stim/debug/run_id=closed_loop_s641_r0
Created 1 stimulus configurations
   8.0    0       522     24.5     False           5      False
🔄 Creating fresh config for experiment 'FullVNC_DNg100_Stim' with paths template 'fly_robot'
✅ Created fresh config:
   Experiment: FullVNC_DNg100_Stim
   Version: debug
   Paths template: fly_robot
   Save dir: /Users/sakshaymahna/Documents/fly-cord-robots/data/simulation_output/FullVNC_DNg100_Stim/debug/run_id=closed_loop_s641_r1
Created 1 stimulus configurations
   8.0    1       426     19.5     False           3      False
🔄 Creating fresh config for experiment 'FullVNC_DNg100_Stim' with paths template 'fly_robot'
✅ Created fresh config:
   Experiment: FullVNC_DNg100_Stim
   Version: debug
   Paths template: fly_robot
   Save dir: /Users/sakshaymahna/Documents/fly-cord-robots/data/simulation_output/FullVNC_DNg100_Stim/debug/run_id=closed_loop_s641_r4
Created 1 stimulus configurations
   8.0    4       515     25.5     False           3      False
🔄 Creating fresh config for experiment 'FullVNC_DNg100_Stim' with paths template 'fly_robot'
✅ Created fresh config:
   Experiment: FullVNC_DNg100_Stim
   Version: debug
   Paths template: fly_robot
   Save dir: /Users/sakshaymahna/Documents/fly-cord-robots/data/simulation_output/FullVNC_DNg100_Stim/debug/run_id=closed_loop_s641_r6
Created 1 stimulus configurations
   8.0    6       413     18.3     False           3      False
🔄 Creating fresh config for experiment 'FullVNC_DNg100_Stim' with paths template 'fly_robot'
✅ Created fresh config:
   Experiment: FullVNC_DNg100_Stim
   Version: debug
   Paths template: fly_robot
   Save dir: /Users/sakshaymahna/Documents/fly-cord-robots/data/simulation_output/FullVNC_DNg100_Stim/debug/run_id=closed_loop_s641_r0
Created 1 stimulus configurations
  16.0    0       537     24.4     False           5      False
🔄 Creating fresh config for experiment 'FullVNC_DNg100_Stim' with paths template 'fly_robot'
✅ Created fresh config:
   Experiment: FullVNC_DNg100_Stim
   Version: debug
   Paths template: fly_robot
   Save dir: /Users/sakshaymahna/Documents/fly-cord-robots/data/simulation_output/FullVNC_DNg100_Stim/debug/run_id=closed_loop_s641_r1
Created 1 stimulus configurations
  16.0    1       409     19.5     False           3      False
🔄 Creating fresh config for experiment 'FullVNC_DNg100_Stim' with paths template 'fly_robot'
✅ Created fresh config:
   Experiment: FullVNC_DNg100_Stim
   Version: debug
   Paths template: fly_robot
   Save dir: /Users/sakshaymahna/Documents/fly-cord-robots/data/simulation_output/FullVNC_DNg100_Stim/debug/run_id=closed_loop_s641_r4
Created 1 stimulus configurations
  16.0    4       455     25.9     False           3      False
🔄 Creating fresh config for experiment 'FullVNC_DNg100_Stim' with paths template 'fly_robot'
✅ Created fresh config:
   Experiment: FullVNC_DNg100_Stim
   Version: debug
   Paths template: fly_robot
   Save dir: /Users/sakshaymahna/Documents/fly-cord-robots/data/simulation_output/FullVNC_DNg100_Stim/debug/run_id=closed_loop_s641_r6
Created 1 stimulus configurations
  16.0    6       450     18.3     False           4      False
🔄 Creating fresh config for experiment 'FullVNC_DNg100_Stim' with paths template 'fly_robot'
✅ Created fresh config:
   Experiment: FullVNC_DNg100_Stim
   Version: debug
   Paths template: fly_robot
   Save dir: /Users/sakshaymahna/Documents/fly-cord-robots/data/simulation_output/FullVNC_DNg100_Stim/debug/run_id=closed_loop_s641_r0
Created 1 stimulus configurations
  32.0    0       536     24.5     False           5      False
🔄 Creating fresh config for experiment 'FullVNC_DNg100_Stim' with paths template 'fly_robot'
✅ Created fresh config:
   Experiment: FullVNC_DNg100_Stim
   Version: debug
   Paths template: fly_robot
   Save dir: /Users/sakshaymahna/Documents/fly-cord-robots/data/simulation_output/FullVNC_DNg100_Stim/debug/run_id=closed_loop_s641_r1
Created 1 stimulus configurations
  32.0    1       416     19.5     False           3      False
🔄 Creating fresh config for experiment 'FullVNC_DNg100_Stim' with paths template 'fly_robot'
✅ Created fresh config:
   Experiment: FullVNC_DNg100_Stim
   Version: debug
   Paths template: fly_robot
   Save dir: /Users/sakshaymahna/Documents/fly-cord-robots/data/simulation_output/FullVNC_DNg100_Stim/debug/run_id=closed_loop_s641_r4
Created 1 stimulus configurations
  32.0    4       471     26.8     False           3      False
🔄 Creating fresh config for experiment 'FullVNC_DNg100_Stim' with paths template 'fly_robot'
✅ Created fresh config:
   Experiment: FullVNC_DNg100_Stim
   Version: debug
   Paths template: fly_robot
   Save dir: /Users/sakshaymahna/Documents/fly-cord-robots/data/simulation_output/FullVNC_DNg100_Stim/debug/run_id=closed_loop_s641_r6
Created 1 stimulus configurations
  32.0    6       457     18.4     False           3      False
🔄 Creating fresh config for experiment 'FullVNC_DNg100_Stim' with paths template 'fly_robot'
✅ Created fresh config:
   Experiment: FullVNC_DNg100_Stim
   Version: debug
   Paths template: fly_robot
   Save dir: /Users/sakshaymahna/Documents/fly-cord-robots/data/simulation_output/FullVNC_DNg100_Stim/debug/run_id=closed_loop_s641_r0
Created 1 stimulus configurations
  64.0    0       522     24.3     False           5      False
🔄 Creating fresh config for experiment 'FullVNC_DNg100_Stim' with paths template 'fly_robot'
✅ Created fresh config:
   Experiment: FullVNC_DNg100_Stim
   Version: debug
   Paths template: fly_robot
   Save dir: /Users/sakshaymahna/Documents/fly-cord-robots/data/simulation_output/FullVNC_DNg100_Stim/debug/run_id=closed_loop_s641_r1
Created 1 stimulus configurations
  64.0    1       415     19.4     False           3      False
🔄 Creating fresh config for experiment 'FullVNC_DNg100_Stim' with paths template 'fly_robot'
✅ Created fresh config:
   Experiment: FullVNC_DNg100_Stim
   Version: debug
   Paths template: fly_robot
   Save dir: /Users/sakshaymahna/Documents/fly-cord-robots/data/simulation_output/FullVNC_DNg100_Stim/debug/run_id=closed_loop_s641_r4
Created 1 stimulus configurations
  64.0    4       452     25.5     False           3      False
🔄 Creating fresh config for experiment 'FullVNC_DNg100_Stim' with paths template 'fly_robot'
✅ Created fresh config:
   Experiment: FullVNC_DNg100_Stim
   Version: debug
   Paths template: fly_robot
   Save dir: /Users/sakshaymahna/Documents/fly-cord-robots/data/simulation_output/FullVNC_DNg100_Stim/debug/run_id=closed_loop_s641_r6
Created 1 stimulus configurations
  64.0    6       438     18.3     False           3      False
🔄 Creating fresh config for experiment 'FullVNC_DNg100_Stim' with paths template 'fly_robot'
✅ Created fresh config:
   Experiment: FullVNC_DNg100_Stim
   Version: debug
   Paths template: fly_robot
   Save dir: /Users/sakshaymahna/Documents/fly-cord-robots/data/simulation_output/FullVNC_DNg100_Stim/debug/run_id=closed_loop_s641_r0
Created 1 stimulus configurations
 128.0    0       532     24.3     False           5      False
🔄 Creating fresh config for experiment 'FullVNC_DNg100_Stim' with paths template 'fly_robot'
✅ Created fresh config:
   Experiment: FullVNC_DNg100_Stim
   Version: debug
   Paths template: fly_robot
   Save dir: /Users/sakshaymahna/Documents/fly-cord-robots/data/simulation_output/FullVNC_DNg100_Stim/debug/run_id=closed_loop_s641_r1
Created 1 stimulus configurations
 128.0    1       416     19.3     False           2      False
🔄 Creating fresh config for experiment 'FullVNC_DNg100_Stim' with paths template 'fly_robot'
✅ Created fresh config:
   Experiment: FullVNC_DNg100_Stim
   Version: debug
   Paths template: fly_robot
   Save dir: /Users/sakshaymahna/Documents/fly-cord-robots/data/simulation_output/FullVNC_DNg100_Stim/debug/run_id=closed_loop_s641_r4
Created 1 stimulus configurations
 128.0    4       473     27.1     False           3      False
🔄 Creating fresh config for experiment 'FullVNC_DNg100_Stim' with paths template 'fly_robot'
✅ Created fresh config:
   Experiment: FullVNC_DNg100_Stim
   Version: debug
   Paths template: fly_robot
   Save dir: /Users/sakshaymahna/Documents/fly-cord-robots/data/simulation_output/FullVNC_DNg100_Stim/debug/run_id=closed_loop_s641_r6
Created 1 stimulus configurations
 128.0    6       439     18.3     False           4      False

=== per-K summary ===
  K=  0.0: any_saturated=False  median_n_rhythmic=3.5  safe=True
  K=  1.0: any_saturated=False  median_n_rhythmic=3.5  safe=True
  K=  2.0: any_saturated=False  median_n_rhythmic=3.5  safe=True
  K=  4.0: any_saturated=False  median_n_rhythmic=4.0  safe=True
  K=  8.0: any_saturated=False  median_n_rhythmic=3.0  safe=True
  K= 16.0: any_saturated=False  median_n_rhythmic=3.5  safe=True
  K= 32.0: any_saturated=False  median_n_rhythmic=3.0  safe=True
  K= 64.0: any_saturated=False  median_n_rhythmic=3.0  safe=True
  K=128.0: any_saturated=False  median_n_rhythmic=3.5  safe=True

Highest safe K tested: 128.0
Safe at the LARGEST K tested -- the sweep did not find the ceiling; extend --Ks upward before committing this as the bound.
wrote media/trained_adapter/coupling_bound_sweep.json
