building the reference phase trace (replicate 0)...
🔄 Creating fresh config for experiment 'FullVNC_DNg100_Stim' with paths template 'fly_robot'
✅ Created fresh config:
   Experiment: FullVNC_DNg100_Stim
   Version: debug
   Paths template: fly_robot
   Save dir: /Users/sakshaymahna/Documents/fly-cord-robots/data/simulation_output/FullVNC_DNg100_Stim/debug/run_id=closed_loop_s641_r0
Created 1 stimulus configurations
  active (rhythmic) legs in reference: ['T1-LHS', 'T1-RHS', 'T2-LHS', 'T2-RHS', 'T3-LHS', 'T3-RHS']

🔄 Creating fresh config for experiment 'FullVNC_DNg100_Stim' with paths template 'fly_robot'
✅ Created fresh config:
   Experiment: FullVNC_DNg100_Stim
   Version: debug
   Paths template: fly_robot
   Save dir: /Users/sakshaymahna/Documents/fly-cord-robots/data/simulation_output/FullVNC_DNg100_Stim/debug/run_id=closed_loop_s641_r0
Created 1 stimulus configurations
     K  rep  n_active   max_fr  unstable  n_rhythmic  tripod_idx  saturated
🔄 Creating fresh config for experiment 'FullVNC_DNg100_Stim' with paths template 'fly_robot'
✅ Created fresh config:
   Experiment: FullVNC_DNg100_Stim
   Version: debug
   Paths template: fly_robot
   Save dir: /Users/sakshaymahna/Documents/fly-cord-robots/data/simulation_output/FullVNC_DNg100_Stim/debug/run_id=closed_loop_s641_r0
Created 1 stimulus configurations
   0.0    0       515     24.4     False           6      -0.217      False
🔄 Creating fresh config for experiment 'FullVNC_DNg100_Stim' with paths template 'fly_robot'
✅ Created fresh config:
   Experiment: FullVNC_DNg100_Stim
   Version: debug
   Paths template: fly_robot
   Save dir: /Users/sakshaymahna/Documents/fly-cord-robots/data/simulation_output/FullVNC_DNg100_Stim/debug/run_id=closed_loop_s641_r1
Created 1 stimulus configurations
   0.0    1       399     19.5     False           3      -0.487      False
🔄 Creating fresh config for experiment 'FullVNC_DNg100_Stim' with paths template 'fly_robot'
✅ Created fresh config:
   Experiment: FullVNC_DNg100_Stim
   Version: debug
   Paths template: fly_robot
   Save dir: /Users/sakshaymahna/Documents/fly-cord-robots/data/simulation_output/FullVNC_DNg100_Stim/debug/run_id=closed_loop_s641_r4
Created 1 stimulus configurations
   0.0    4       460     25.4     False           3      -0.922      False
🔄 Creating fresh config for experiment 'FullVNC_DNg100_Stim' with paths template 'fly_robot'
✅ Created fresh config:
   Experiment: FullVNC_DNg100_Stim
   Version: debug
   Paths template: fly_robot
   Save dir: /Users/sakshaymahna/Documents/fly-cord-robots/data/simulation_output/FullVNC_DNg100_Stim/debug/run_id=closed_loop_s641_r6
Created 1 stimulus configurations
   0.0    6       426     17.5     False           4      -0.347      False
🔄 Creating fresh config for experiment 'FullVNC_DNg100_Stim' with paths template 'fly_robot'
✅ Created fresh config:
   Experiment: FullVNC_DNg100_Stim
   Version: debug
   Paths template: fly_robot
   Save dir: /Users/sakshaymahna/Documents/fly-cord-robots/data/simulation_output/FullVNC_DNg100_Stim/debug/run_id=closed_loop_s641_r0
Created 1 stimulus configurations
   1.0    0       515     24.4     False           6      -0.209      False
🔄 Creating fresh config for experiment 'FullVNC_DNg100_Stim' with paths template 'fly_robot'
✅ Created fresh config:
   Experiment: FullVNC_DNg100_Stim
   Version: debug
   Paths template: fly_robot
   Save dir: /Users/sakshaymahna/Documents/fly-cord-robots/data/simulation_output/FullVNC_DNg100_Stim/debug/run_id=closed_loop_s641_r1
Created 1 stimulus configurations
   1.0    1       400     19.4     False           3      -0.490      False
🔄 Creating fresh config for experiment 'FullVNC_DNg100_Stim' with paths template 'fly_robot'
✅ Created fresh config:
   Experiment: FullVNC_DNg100_Stim
   Version: debug
   Paths template: fly_robot
   Save dir: /Users/sakshaymahna/Documents/fly-cord-robots/data/simulation_output/FullVNC_DNg100_Stim/debug/run_id=closed_loop_s641_r4
Created 1 stimulus configurations
   1.0    4       479     26.0     False           3      -0.864      False
🔄 Creating fresh config for experiment 'FullVNC_DNg100_Stim' with paths template 'fly_robot'
✅ Created fresh config:
   Experiment: FullVNC_DNg100_Stim
   Version: debug
   Paths template: fly_robot
   Save dir: /Users/sakshaymahna/Documents/fly-cord-robots/data/simulation_output/FullVNC_DNg100_Stim/debug/run_id=closed_loop_s641_r6
Created 1 stimulus configurations
   1.0    6       446     17.7     False           4      -0.283      False
🔄 Creating fresh config for experiment 'FullVNC_DNg100_Stim' with paths template 'fly_robot'
✅ Created fresh config:
   Experiment: FullVNC_DNg100_Stim
   Version: debug
   Paths template: fly_robot
   Save dir: /Users/sakshaymahna/Documents/fly-cord-robots/data/simulation_output/FullVNC_DNg100_Stim/debug/run_id=closed_loop_s641_r0
Created 1 stimulus configurations
   2.0    0       527     24.5     False           6      -0.195      False
🔄 Creating fresh config for experiment 'FullVNC_DNg100_Stim' with paths template 'fly_robot'
✅ Created fresh config:
   Experiment: FullVNC_DNg100_Stim
   Version: debug
   Paths template: fly_robot
   Save dir: /Users/sakshaymahna/Documents/fly-cord-robots/data/simulation_output/FullVNC_DNg100_Stim/debug/run_id=closed_loop_s641_r1
Created 1 stimulus configurations
   2.0    1       410     19.4     False           3      -0.494      False
🔄 Creating fresh config for experiment 'FullVNC_DNg100_Stim' with paths template 'fly_robot'
✅ Created fresh config:
   Experiment: FullVNC_DNg100_Stim
   Version: debug
   Paths template: fly_robot
   Save dir: /Users/sakshaymahna/Documents/fly-cord-robots/data/simulation_output/FullVNC_DNg100_Stim/debug/run_id=closed_loop_s641_r4
Created 1 stimulus configurations
   2.0    4       459     26.0     False           3      -0.832      False
🔄 Creating fresh config for experiment 'FullVNC_DNg100_Stim' with paths template 'fly_robot'
✅ Created fresh config:
   Experiment: FullVNC_DNg100_Stim
   Version: debug
   Paths template: fly_robot
   Save dir: /Users/sakshaymahna/Documents/fly-cord-robots/data/simulation_output/FullVNC_DNg100_Stim/debug/run_id=closed_loop_s641_r6
Created 1 stimulus configurations
   2.0    6       443     17.9     False           4      -0.321      False
🔄 Creating fresh config for experiment 'FullVNC_DNg100_Stim' with paths template 'fly_robot'
✅ Created fresh config:
   Experiment: FullVNC_DNg100_Stim
   Version: debug
   Paths template: fly_robot
   Save dir: /Users/sakshaymahna/Documents/fly-cord-robots/data/simulation_output/FullVNC_DNg100_Stim/debug/run_id=closed_loop_s641_r0
Created 1 stimulus configurations
   4.0    0       528     24.4     False           6      -0.162      False
🔄 Creating fresh config for experiment 'FullVNC_DNg100_Stim' with paths template 'fly_robot'
✅ Created fresh config:
   Experiment: FullVNC_DNg100_Stim
   Version: debug
   Paths template: fly_robot
   Save dir: /Users/sakshaymahna/Documents/fly-cord-robots/data/simulation_output/FullVNC_DNg100_Stim/debug/run_id=closed_loop_s641_r1
Created 1 stimulus configurations
   4.0    1       419     19.4     False           3      -0.498      False
🔄 Creating fresh config for experiment 'FullVNC_DNg100_Stim' with paths template 'fly_robot'
✅ Created fresh config:
   Experiment: FullVNC_DNg100_Stim
   Version: debug
   Paths template: fly_robot
   Save dir: /Users/sakshaymahna/Documents/fly-cord-robots/data/simulation_output/FullVNC_DNg100_Stim/debug/run_id=closed_loop_s641_r4
Created 1 stimulus configurations
   4.0    4       490     25.9     False           4      -0.743      False
🔄 Creating fresh config for experiment 'FullVNC_DNg100_Stim' with paths template 'fly_robot'
✅ Created fresh config:
   Experiment: FullVNC_DNg100_Stim
   Version: debug
   Paths template: fly_robot
   Save dir: /Users/sakshaymahna/Documents/fly-cord-robots/data/simulation_output/FullVNC_DNg100_Stim/debug/run_id=closed_loop_s641_r6
Created 1 stimulus configurations
   4.0    6       464     18.2     False           4      -0.213      False
🔄 Creating fresh config for experiment 'FullVNC_DNg100_Stim' with paths template 'fly_robot'
✅ Created fresh config:
   Experiment: FullVNC_DNg100_Stim
   Version: debug
   Paths template: fly_robot
   Save dir: /Users/sakshaymahna/Documents/fly-cord-robots/data/simulation_output/FullVNC_DNg100_Stim/debug/run_id=closed_loop_s641_r0
Created 1 stimulus configurations
   8.0    0       522     24.5     False           5      -0.174      False
🔄 Creating fresh config for experiment 'FullVNC_DNg100_Stim' with paths template 'fly_robot'
✅ Created fresh config:
   Experiment: FullVNC_DNg100_Stim
   Version: debug
   Paths template: fly_robot
   Save dir: /Users/sakshaymahna/Documents/fly-cord-robots/data/simulation_output/FullVNC_DNg100_Stim/debug/run_id=closed_loop_s641_r1
Created 1 stimulus configurations
   8.0    1       426     19.5     False           3      -0.495      False
🔄 Creating fresh config for experiment 'FullVNC_DNg100_Stim' with paths template 'fly_robot'
✅ Created fresh config:
   Experiment: FullVNC_DNg100_Stim
   Version: debug
   Paths template: fly_robot
   Save dir: /Users/sakshaymahna/Documents/fly-cord-robots/data/simulation_output/FullVNC_DNg100_Stim/debug/run_id=closed_loop_s641_r4
Created 1 stimulus configurations
   8.0    4       515     25.5     False           3      -0.685      False
🔄 Creating fresh config for experiment 'FullVNC_DNg100_Stim' with paths template 'fly_robot'
✅ Created fresh config:
   Experiment: FullVNC_DNg100_Stim
   Version: debug
   Paths template: fly_robot
   Save dir: /Users/sakshaymahna/Documents/fly-cord-robots/data/simulation_output/FullVNC_DNg100_Stim/debug/run_id=closed_loop_s641_r6
Created 1 stimulus configurations
   8.0    6       413     18.3     False           3      +0.191      False
🔄 Creating fresh config for experiment 'FullVNC_DNg100_Stim' with paths template 'fly_robot'
✅ Created fresh config:
   Experiment: FullVNC_DNg100_Stim
   Version: debug
   Paths template: fly_robot
   Save dir: /Users/sakshaymahna/Documents/fly-cord-robots/data/simulation_output/FullVNC_DNg100_Stim/debug/run_id=closed_loop_s641_r0
Created 1 stimulus configurations
  16.0    0       537     24.4     False           5      -0.163      False
🔄 Creating fresh config for experiment 'FullVNC_DNg100_Stim' with paths template 'fly_robot'
✅ Created fresh config:
   Experiment: FullVNC_DNg100_Stim
   Version: debug
   Paths template: fly_robot
   Save dir: /Users/sakshaymahna/Documents/fly-cord-robots/data/simulation_output/FullVNC_DNg100_Stim/debug/run_id=closed_loop_s641_r1
Created 1 stimulus configurations
  16.0    1       409     19.5     False           3      -0.475      False
🔄 Creating fresh config for experiment 'FullVNC_DNg100_Stim' with paths template 'fly_robot'
✅ Created fresh config:
   Experiment: FullVNC_DNg100_Stim
   Version: debug
   Paths template: fly_robot
   Save dir: /Users/sakshaymahna/Documents/fly-cord-robots/data/simulation_output/FullVNC_DNg100_Stim/debug/run_id=closed_loop_s641_r4
Created 1 stimulus configurations
  16.0    4       455     25.9     False           3      -0.538      False
🔄 Creating fresh config for experiment 'FullVNC_DNg100_Stim' with paths template 'fly_robot'
✅ Created fresh config:
   Experiment: FullVNC_DNg100_Stim
   Version: debug
   Paths template: fly_robot
   Save dir: /Users/sakshaymahna/Documents/fly-cord-robots/data/simulation_output/FullVNC_DNg100_Stim/debug/run_id=closed_loop_s641_r6
Created 1 stimulus configurations
  16.0    6       450     18.3     False           4      -0.088      False
🔄 Creating fresh config for experiment 'FullVNC_DNg100_Stim' with paths template 'fly_robot'
✅ Created fresh config:
   Experiment: FullVNC_DNg100_Stim
   Version: debug
   Paths template: fly_robot
   Save dir: /Users/sakshaymahna/Documents/fly-cord-robots/data/simulation_output/FullVNC_DNg100_Stim/debug/run_id=closed_loop_s641_r0
Created 1 stimulus configurations
  32.0    0       536     24.5     False           5      -0.234      False
🔄 Creating fresh config for experiment 'FullVNC_DNg100_Stim' with paths template 'fly_robot'
✅ Created fresh config:
   Experiment: FullVNC_DNg100_Stim
   Version: debug
   Paths template: fly_robot
   Save dir: /Users/sakshaymahna/Documents/fly-cord-robots/data/simulation_output/FullVNC_DNg100_Stim/debug/run_id=closed_loop_s641_r1
Created 1 stimulus configurations
  32.0    1       416     19.5     False           3      -0.496      False
🔄 Creating fresh config for experiment 'FullVNC_DNg100_Stim' with paths template 'fly_robot'
✅ Created fresh config:
   Experiment: FullVNC_DNg100_Stim
   Version: debug
   Paths template: fly_robot
   Save dir: /Users/sakshaymahna/Documents/fly-cord-robots/data/simulation_output/FullVNC_DNg100_Stim/debug/run_id=closed_loop_s641_r4
Created 1 stimulus configurations
  32.0    4       471     26.8     False           3      -0.357      False
🔄 Creating fresh config for experiment 'FullVNC_DNg100_Stim' with paths template 'fly_robot'
✅ Created fresh config:
   Experiment: FullVNC_DNg100_Stim
   Version: debug
   Paths template: fly_robot
   Save dir: /Users/sakshaymahna/Documents/fly-cord-robots/data/simulation_output/FullVNC_DNg100_Stim/debug/run_id=closed_loop_s641_r6
Created 1 stimulus configurations
  32.0    6       457     18.4     False           3      +0.254      False
🔄 Creating fresh config for experiment 'FullVNC_DNg100_Stim' with paths template 'fly_robot'
✅ Created fresh config:
   Experiment: FullVNC_DNg100_Stim
   Version: debug
   Paths template: fly_robot
   Save dir: /Users/sakshaymahna/Documents/fly-cord-robots/data/simulation_output/FullVNC_DNg100_Stim/debug/run_id=closed_loop_s641_r0
Created 1 stimulus configurations
  64.0    0       522     24.3     False           5      -0.050      False
🔄 Creating fresh config for experiment 'FullVNC_DNg100_Stim' with paths template 'fly_robot'
✅ Created fresh config:
   Experiment: FullVNC_DNg100_Stim
   Version: debug
   Paths template: fly_robot
   Save dir: /Users/sakshaymahna/Documents/fly-cord-robots/data/simulation_output/FullVNC_DNg100_Stim/debug/run_id=closed_loop_s641_r1
Created 1 stimulus configurations
  64.0    1       415     19.4     False           3      -0.498      False
🔄 Creating fresh config for experiment 'FullVNC_DNg100_Stim' with paths template 'fly_robot'
✅ Created fresh config:
   Experiment: FullVNC_DNg100_Stim
   Version: debug
   Paths template: fly_robot
   Save dir: /Users/sakshaymahna/Documents/fly-cord-robots/data/simulation_output/FullVNC_DNg100_Stim/debug/run_id=closed_loop_s641_r4
Created 1 stimulus configurations
  64.0    4       452     25.5     False           3      -0.413      False
🔄 Creating fresh config for experiment 'FullVNC_DNg100_Stim' with paths template 'fly_robot'
✅ Created fresh config:
   Experiment: FullVNC_DNg100_Stim
   Version: debug
   Paths template: fly_robot
   Save dir: /Users/sakshaymahna/Documents/fly-cord-robots/data/simulation_output/FullVNC_DNg100_Stim/debug/run_id=closed_loop_s641_r6
Created 1 stimulus configurations
  64.0    6       438     18.3     False           3      +0.248      False

=== per-K summary (safety) ===
  K=  0.0: any_saturated=False  median_n_rhythmic=3.5  safe=True
  K=  1.0: any_saturated=False  median_n_rhythmic=3.5  safe=True
  K=  2.0: any_saturated=False  median_n_rhythmic=3.5  safe=True
  K=  4.0: any_saturated=False  median_n_rhythmic=4.0  safe=True
  K=  8.0: any_saturated=False  median_n_rhythmic=3.0  safe=True
  K= 16.0: any_saturated=False  median_n_rhythmic=3.5  safe=True
  K= 32.0: any_saturated=False  median_n_rhythmic=3.0  safe=True
  K= 64.0: any_saturated=False  median_n_rhythmic=3.0  safe=True

Highest safe K tested: 64.0
Safe at the LARGEST K tested -- the sweep did not find the ceiling; extend --Ks upward before committing this as the bound.

=== per-K summary (effect on tripod_index) ===
  K=0.0 baseline tripod_index per replicate: {0: -0.217, 1: -0.487, 4: -0.922, 6: -0.347}
  K=  0.0: mean tripod_index=-0.4932  mean delta vs K=0=+0.0000  (n=4)
  K=  1.0: mean tripod_index=-0.4615  mean delta vs K=0=+0.0318  (n=4)
  K=  2.0: mean tripod_index=-0.4603  mean delta vs K=0=+0.0329  (n=4)
  K=  4.0: mean tripod_index=-0.4038  mean delta vs K=0=+0.0895  (n=4)
  K=  8.0: mean tripod_index=-0.2907  mean delta vs K=0=+0.2025  (n=4)
  K= 16.0: mean tripod_index=-0.3160  mean delta vs K=0=+0.1773  (n=4)
  K= 32.0: mean tripod_index=-0.2081  mean delta vs K=0=+0.2852  (n=4)
  K= 64.0: mean tripod_index=-0.1782  mean delta vs K=0=+0.3150  (n=4)

MEASURABLE EFFECT on tripod_index within K<=64 (|mean delta| > 0.02 at any tested K): True
wrote media/trained_adapter/coupling_bound_sweep_v2.json
