=== real / r1a_ground_v3 ===
reward config hash: 6260cec892611b99cb054e49a30a3c75efcf77f2b397f95678e73a122b50586e
ground stage: output (40 active parameters; sensory=off)
running sign test (blocking gate)...
  sign test PASSED

resolving eligible replicates from adapter-off baselines (filter: n_active <= 1500, condition=real)...
  filter excluded 2 of 8: rep 2 (n_active=4176), rep 5 (n_active=3794)
  eligible pool: [0, 1, 3, 4, 6, 7]

gen    0  best=-0.0563 med=-0.1868  sigma=0.471  sat=0.01  315s
gen    1  best=-0.0311 med=-0.1330  sigma=0.457  sat=0.00  159s
gen    2  best=-0.0293 med=-0.0625  sigma=0.450  sat=0.00  175s
gen    3  best=-0.0125 med=-0.0421  sigma=0.445  sat=0.00  170s
gen    4  best=-0.0045 med=-0.0122  sigma=0.453  sat=0.00  177s
gen    5  best=-0.0008 med=-0.0135  sigma=0.468  sat=0.03  176s
gen    6  best=+0.0023 med=-0.0051  sigma=0.490  sat=0.03  180s
gen    7  best=-0.0001 med=-0.0037  sigma=0.511  sat=0.05  206s
gen    8  best=+0.0039 med=-0.0017  sigma=0.526  sat=0.01  176s
gen    9  best=+0.0069 med=-0.0033  sigma=0.537  sat=0.03  182s
gen   10  best=+0.0066 med=+0.0014  sigma=0.554  sat=0.00  165s
gen   11  best=+0.0067 med=-0.0014  sigma=0.574  sat=0.01  169s
gen   12  best=+0.0050 med=+0.0012  sigma=0.587  sat=0.01  168s
gen   13  best=+0.0080 med=-0.0009  sigma=0.597  sat=0.01  168s
gen   14  best=+0.0073 med=-0.0012  sigma=0.595  sat=0.01  164s
gen   15  best=+0.0055 med=-0.0017  sigma=0.592  sat=0.00  157s
gen   16  best=+0.0103 med=-0.0008  sigma=0.594  sat=0.00  156s
gen   17  best=+0.0130 med=+0.0005  sigma=0.595  sat=0.01  156s
gen   18  best=+0.0079 med=+0.0003  sigma=0.595  sat=0.01  164s
gen   19  best=+0.0092 med=-0.0005  sigma=0.602  sat=0.00  164s
gen   20  best=+0.0119 med=+0.0022  sigma=0.608  sat=0.00  160s
gen   21  best=+0.0079 med=+0.0043  sigma=0.616  sat=0.00  162s
gen   22  best=+0.0085 med=+0.0019  sigma=0.635  sat=0.01  162s
gen   23  best=+0.0093 med=+0.0027  sigma=0.652  sat=0.00  160s
gen   24  best=+0.0113 med=+0.0004  sigma=0.671  sat=0.00  157s
gen   25  best=+0.0134 med=+0.0007  sigma=0.687  sat=0.03  177s
gen   26  best=+0.0096 med=-0.0006  sigma=0.694  sat=0.00  155s
gen   27  best=+0.0134 med=+0.0027  sigma=0.707  sat=0.00  160s
gen   28  best=+0.0179 med=-0.0018  sigma=0.711  sat=0.01  168s
gen   29  best=+0.0092 med=+0.0045  sigma=0.708  sat=0.00  162s
gen   30  best=+0.0127 med=+0.0047  sigma=0.711  sat=0.02  179s
gen   31  best=+0.0121 med=+0.0028  sigma=0.717  sat=0.03  163s
gen   32  best=+0.0190 med=+0.0037  sigma=0.712  sat=0.01  163s
gen   33  best=+0.0288 med=+0.0015  sigma=0.705  sat=0.00  161s
gen   34  best=+0.0163 med=+0.0053  sigma=0.711  sat=0.03  165s
gen   35  best=+0.0201 med=+0.0032  sigma=0.706  sat=0.04  163s
gen   36  best=+0.0231 med=-0.0004  sigma=0.706  sat=0.06  192s
gen   37  best=+0.0210 med=+0.0009  sigma=0.704  sat=0.02  158s
gen   38  best=+0.0064 med=-0.0078  sigma=0.709  sat=0.06  162s
gen   39  best=+0.0161 med=-0.0032  sigma=0.707  sat=0.04  171s
gen   40  best=+0.0319 med=+0.0022  sigma=0.709  sat=0.01  158s
gen   41  best=+0.0185 med=-0.0019  sigma=0.711  sat=0.04  171s
gen   42  best=+0.0258 med=+0.0026  sigma=0.714  sat=0.02  159s
gen   43  best=+0.0065 med=-0.0031  sigma=0.712  sat=0.01  155s
gen   44  best=+0.0311 med=-0.0037  sigma=0.707  sat=0.00  158s
gen   45  best=+0.0487 med=+0.0065  sigma=0.707  sat=0.00  184s
gen   46  best=+0.0221 med=-0.0014  sigma=0.705  sat=0.00  166s
gen   47  best=+0.0406 med=+0.0003  sigma=0.708  sat=0.03  166s
gen   48  best=+0.0236 med=-0.0044  sigma=0.722  sat=0.05  165s
gen   49  best=+0.0501 med=-0.0052  sigma=0.729  sat=0.02  158s
gen   50  best=+0.0406 med=-0.0013  sigma=0.728  sat=0.01  153s
gen   51  best=+0.0260 med=+0.0069  sigma=0.718  sat=0.01  151s
gen   52  best=+0.0158 med=-0.0001  sigma=0.713  sat=0.00  157s
gen   53  best=+0.0498 med=-0.0004  sigma=0.702  sat=0.01  160s
gen   54  best=+0.0397 med=+0.0030  sigma=0.689  sat=0.03  164s
gen   55  best=+0.0209 med=-0.0026  sigma=0.677  sat=0.01  161s
gen   56  best=+0.0307 med=+0.0012  sigma=0.674  sat=0.01  157s
gen   57  best=+0.0337 med=-0.0013  sigma=0.679  sat=0.03  154s
gen   58  best=+0.0477 med=+0.0050  sigma=0.682  sat=0.01  152s
gen   59  best=+0.0139 med=-0.0067  sigma=0.685  sat=0.05  153s
gen   60  best=+0.0244 med=-0.0038  sigma=0.683  sat=0.00  150s
gen   61  best=+0.0325 med=-0.0025  sigma=0.671  sat=0.00  160s
gen   62  best=+0.0210 med=-0.0017  sigma=0.666  sat=0.00  154s
gen   63  best=+0.0260 med=+0.0002  sigma=0.667  sat=0.00  151s
gen   64  best=+0.0289 med=-0.0035  sigma=0.671  sat=0.02  156s
gen   65  best=+0.0487 med=+0.0018  sigma=0.671  sat=0.00  152s
gen   66  best=+0.0244 med=-0.0055  sigma=0.666  sat=0.03  161s
gen   67  best=+0.0302 med=-0.0394  sigma=0.663  sat=0.05  164s
gen   68  best=+0.0354 med=+0.0027  sigma=0.664  sat=0.02  162s
gen   69  best=+0.0316 med=+0.0028  sigma=0.652  sat=0.05  169s
gen   70  best=+0.0065 med=-0.0311  sigma=0.623  sat=0.06  181s
gen   71  best=+0.0308 med=+0.0091  sigma=0.602  sat=0.01  169s
gen   72  best=+0.0204 med=-0.0044  sigma=0.584  sat=0.02  194s
gen   73  best=+0.0242 med=+0.0011  sigma=0.565  sat=0.03  174s
Process SpawnPoolWorker-7:
Traceback (most recent call last):
  File "/opt/homebrew/Cellar/python@3.12/3.12.11/Frameworks/Python.framework/Versions/3.12/lib/python3.12/multiprocessing/pool.py", line 131, in worker
    put((job, i, result))
  File "/opt/homebrew/Cellar/python@3.12/3.12.11/Frameworks/Python.framework/Versions/3.12/lib/python3.12/multiprocessing/queues.py", line 399, in put
    self._writer.send_bytes(obj)
  File "/opt/homebrew/Cellar/python@3.12/3.12.11/Frameworks/Python.framework/Versions/3.12/lib/python3.12/multiprocessing/connection.py", line 200, in send_bytes
    self._send_bytes(m[offset:offset + size])
  File "/opt/homebrew/Cellar/python@3.12/3.12.11/Frameworks/Python.framework/Versions/3.12/lib/python3.12/multiprocessing/connection.py", line 427, in _send_bytes
    self._send(header + buf)
  File "/opt/homebrew/Cellar/python@3.12/3.12.11/Frameworks/Python.framework/Versions/3.12/lib/python3.12/multiprocessing/connection.py", line 384, in _send
    n = write(self._handle, buf)
        ^^^^^^^^^^^^^^^^^^^^^^^^
BrokenPipeError: [Errno 32] Broken pipe

During handling of the above exception, another exception occurred:

Traceback (most recent call last):
  File "/opt/homebrew/Cellar/python@3.12/3.12.11/Frameworks/Python.framework/Versions/3.12/lib/python3.12/multiprocessing/process.py", line 314, in _bootstrap
    self.run()
  File "/opt/homebrew/Cellar/python@3.12/3.12.11/Frameworks/Python.framework/Versions/3.12/lib/python3.12/multiprocessing/process.py", line 108, in run
    self._target(*self._args, **self._kwargs)
  File "/opt/homebrew/Cellar/python@3.12/3.12.11/Frameworks/Python.framework/Versions/3.12/lib/python3.12/multiprocessing/pool.py", line 136, in worker
    put((job, i, (False, wrapped)))
  File "/opt/homebrew/Cellar/python@3.12/3.12.11/Frameworks/Python.framework/Versions/3.12/lib/python3.12/multiprocessing/queues.py", line 399, in put
    self._writer.send_bytes(obj)
  File "/opt/homebrew/Cellar/python@3.12/3.12.11/Frameworks/Python.framework/Versions/3.12/lib/python3.12/multiprocessing/connection.py", line 200, in send_bytes
    self._send_bytes(m[offset:offset + size])
  File "/opt/homebrew/Cellar/python@3.12/3.12.11/Frameworks/Python.framework/Versions/3.12/lib/python3.12/multiprocessing/connection.py", line 427, in _send_bytes
    self._send(header + buf)
  File "/opt/homebrew/Cellar/python@3.12/3.12.11/Frameworks/Python.framework/Versions/3.12/lib/python3.12/multiprocessing/connection.py", line 384, in _send
    n = write(self._handle, buf)
        ^^^^^^^^^^^^^^^^^^^^^^^^
BrokenPipeError: [Errno 32] Broken pipe
🔄 Creating fresh config for experiment 'FullVNC_DNg100_Stim' with paths template 'fly_robot'
✅ Created fresh config:
   Experiment: FullVNC_DNg100_Stim
   Version: debug
   Paths template: fly_robot
   Save dir: /Users/sakshaymahna/Documents/fly-cord-robots/data/simulation_output/FullVNC_DNg100_Stim/debug/run_id=closed_loop_s641_r0
Created 1 stimulus configurations
🔄 Creating fresh config for experiment 'FullVNC_DNg100_Stim' with paths template 'fly_robot'
✅ Created fresh config:
   Experiment: FullVNC_DNg100_Stim
   Version: debug
   Paths template: fly_robot
   Save dir: /Users/sakshaymahna/Documents/fly-cord-robots/data/simulation_output/FullVNC_DNg100_Stim/debug/run_id=closed_loop_s641_r1
Created 1 stimulus configurations
🔄 Creating fresh config for experiment 'FullVNC_DNg100_Stim' with paths template 'fly_robot'
✅ Created fresh config:
   Experiment: FullVNC_DNg100_Stim
   Version: debug
   Paths template: fly_robot
   Save dir: /Users/sakshaymahna/Documents/fly-cord-robots/data/simulation_output/FullVNC_DNg100_Stim/debug/run_id=closed_loop_s641_r3
Created 1 stimulus configurations
🔄 Creating fresh config for experiment 'FullVNC_DNg100_Stim' with paths template 'fly_robot'
✅ Created fresh config:
   Experiment: FullVNC_DNg100_Stim
   Version: debug
   Paths template: fly_robot
   Save dir: /Users/sakshaymahna/Documents/fly-cord-robots/data/simulation_output/FullVNC_DNg100_Stim/debug/run_id=closed_loop_s641_r4
Created 1 stimulus configurations
🔄 Creating fresh config for experiment 'FullVNC_DNg100_Stim' with paths template 'fly_robot'
✅ Created fresh config:
   Experiment: FullVNC_DNg100_Stim
   Version: debug
   Paths template: fly_robot
   Save dir: /Users/sakshaymahna/Documents/fly-cord-robots/data/simulation_output/FullVNC_DNg100_Stim/debug/run_id=closed_loop_s641_r7
Created 1 stimulus configurations
🔄 Creating fresh config for experiment 'FullVNC_DNg100_Stim' with paths template 'fly_robot'
✅ Created fresh config:
   Experiment: FullVNC_DNg100_Stim
   Version: debug
   Paths template: fly_robot
   Save dir: /Users/sakshaymahna/Documents/fly-cord-robots/data/simulation_output/FullVNC_DNg100_Stim/debug/run_id=closed_loop_s641_r6
Created 1 stimulus configurations
Process SpawnPoolWorker-2:
Traceback (most recent call last):
  File "/opt/homebrew/Cellar/python@3.12/3.12.11/Frameworks/Python.framework/Versions/3.12/lib/python3.12/multiprocessing/pool.py", line 131, in worker
    put((job, i, result))
  File "/opt/homebrew/Cellar/python@3.12/3.12.11/Frameworks/Python.framework/Versions/3.12/lib/python3.12/multiprocessing/queues.py", line 399, in put
    self._writer.send_bytes(obj)
  File "/opt/homebrew/Cellar/python@3.12/3.12.11/Frameworks/Python.framework/Versions/3.12/lib/python3.12/multiprocessing/connection.py", line 200, in send_bytes
    self._send_bytes(m[offset:offset + size])
  File "/opt/homebrew/Cellar/python@3.12/3.12.11/Frameworks/Python.framework/Versions/3.12/lib/python3.12/multiprocessing/connection.py", line 427, in _send_bytes
    self._send(header + buf)
  File "/opt/homebrew/Cellar/python@3.12/3.12.11/Frameworks/Python.framework/Versions/3.12/lib/python3.12/multiprocessing/connection.py", line 384, in _send
    n = write(self._handle, buf)
        ^^^^^^^^^^^^^^^^^^^^^^^^
BrokenPipeError: [Errno 32] Broken pipe

During handling of the above exception, another exception occurred:

Traceback (most recent call last):
  File "/opt/homebrew/Cellar/python@3.12/3.12.11/Frameworks/Python.framework/Versions/3.12/lib/python3.12/multiprocessing/process.py", line 314, in _bootstrap
    self.run()
  File "/opt/homebrew/Cellar/python@3.12/3.12.11/Frameworks/Python.framework/Versions/3.12/lib/python3.12/multiprocessing/process.py", line 108, in run
    self._target(*self._args, **self._kwargs)
  File "/opt/homebrew/Cellar/python@3.12/3.12.11/Frameworks/Python.framework/Versions/3.12/lib/python3.12/multiprocessing/pool.py", line 136, in worker
    put((job, i, (False, wrapped)))
  File "/opt/homebrew/Cellar/python@3.12/3.12.11/Frameworks/Python.framework/Versions/3.12/lib/python3.12/multiprocessing/queues.py", line 399, in put
    self._writer.send_bytes(obj)
  File "/opt/homebrew/Cellar/python@3.12/3.12.11/Frameworks/Python.framework/Versions/3.12/lib/python3.12/multiprocessing/connection.py", line 200, in send_bytes
    self._send_bytes(m[offset:offset + size])
  File "/opt/homebrew/Cellar/python@3.12/3.12.11/Frameworks/Python.framework/Versions/3.12/lib/python3.12/multiprocessing/connection.py", line 427, in _send_bytes
    self._send(header + buf)
  File "/opt/homebrew/Cellar/python@3.12/3.12.11/Frameworks/Python.framework/Versions/3.12/lib/python3.12/multiprocessing/connection.py", line 384, in _send
    n = write(self._handle, buf)
        ^^^^^^^^^^^^^^^^^^^^^^^^
BrokenPipeError: [Errno 32] Broken pipe
🔄 Creating fresh config for experiment 'FullVNC_DNg100_Stim' with paths template 'fly_robot'
✅ Created fresh config:
   Experiment: FullVNC_DNg100_Stim
   Version: debug
   Paths template: fly_robot
   Save dir: /Users/sakshaymahna/Documents/fly-cord-robots/data/simulation_output/FullVNC_DNg100_Stim/debug/run_id=closed_loop_s641_r0
Created 1 stimulus configurations
🔄 Creating fresh config for experiment 'FullVNC_DNg100_Stim' with paths template 'fly_robot'
✅ Created fresh config:
   Experiment: FullVNC_DNg100_Stim
   Version: debug
   Paths template: fly_robot
   Save dir: /Users/sakshaymahna/Documents/fly-cord-robots/data/simulation_output/FullVNC_DNg100_Stim/debug/run_id=closed_loop_s641_r4
Created 1 stimulus configurations
🔄 Creating fresh config for experiment 'FullVNC_DNg100_Stim' with paths template 'fly_robot'
✅ Created fresh config:
   Experiment: FullVNC_DNg100_Stim
   Version: debug
   Paths template: fly_robot
   Save dir: /Users/sakshaymahna/Documents/fly-cord-robots/data/simulation_output/FullVNC_DNg100_Stim/debug/run_id=closed_loop_s641_r7
Created 1 stimulus configurations
🔄 Creating fresh config for experiment 'FullVNC_DNg100_Stim' with paths template 'fly_robot'
✅ Created fresh config:
   Experiment: FullVNC_DNg100_Stim
   Version: debug
   Paths template: fly_robot
   Save dir: /Users/sakshaymahna/Documents/fly-cord-robots/data/simulation_output/FullVNC_DNg100_Stim/debug/run_id=closed_loop_s641_r6
Created 1 stimulus configurations
🔄 Creating fresh config for experiment 'FullVNC_DNg100_Stim' with paths template 'fly_robot'
✅ Created fresh config:
   Experiment: FullVNC_DNg100_Stim
   Version: debug
   Paths template: fly_robot
   Save dir: /Users/sakshaymahna/Documents/fly-cord-robots/data/simulation_output/FullVNC_DNg100_Stim/debug/run_id=closed_loop_s641_r1
Created 1 stimulus configurations
🔄 Creating fresh config for experiment 'FullVNC_DNg100_Stim' with paths template 'fly_robot'
✅ Created fresh config:
   Experiment: FullVNC_DNg100_Stim
   Version: debug
   Paths template: fly_robot
   Save dir: /Users/sakshaymahna/Documents/fly-cord-robots/data/simulation_output/FullVNC_DNg100_Stim/debug/run_id=closed_loop_s641_r3
Created 1 stimulus configurations
Process SpawnPoolWorker-4:
Traceback (most recent call last):
  File "/opt/homebrew/Cellar/python@3.12/3.12.11/Frameworks/Python.framework/Versions/3.12/lib/python3.12/multiprocessing/pool.py", line 131, in worker
    put((job, i, result))
  File "/opt/homebrew/Cellar/python@3.12/3.12.11/Frameworks/Python.framework/Versions/3.12/lib/python3.12/multiprocessing/queues.py", line 399, in put
    self._writer.send_bytes(obj)
  File "/opt/homebrew/Cellar/python@3.12/3.12.11/Frameworks/Python.framework/Versions/3.12/lib/python3.12/multiprocessing/connection.py", line 200, in send_bytes
    self._send_bytes(m[offset:offset + size])
  File "/opt/homebrew/Cellar/python@3.12/3.12.11/Frameworks/Python.framework/Versions/3.12/lib/python3.12/multiprocessing/connection.py", line 427, in _send_bytes
    self._send(header + buf)
  File "/opt/homebrew/Cellar/python@3.12/3.12.11/Frameworks/Python.framework/Versions/3.12/lib/python3.12/multiprocessing/connection.py", line 384, in _send
    n = write(self._handle, buf)
        ^^^^^^^^^^^^^^^^^^^^^^^^
BrokenPipeError: [Errno 32] Broken pipe

During handling of the above exception, another exception occurred:

Traceback (most recent call last):
  File "/opt/homebrew/Cellar/python@3.12/3.12.11/Frameworks/Python.framework/Versions/3.12/lib/python3.12/multiprocessing/process.py", line 314, in _bootstrap
    self.run()
  File "/opt/homebrew/Cellar/python@3.12/3.12.11/Frameworks/Python.framework/Versions/3.12/lib/python3.12/multiprocessing/process.py", line 108, in run
    self._target(*self._args, **self._kwargs)
  File "/opt/homebrew/Cellar/python@3.12/3.12.11/Frameworks/Python.framework/Versions/3.12/lib/python3.12/multiprocessing/pool.py", line 136, in worker
    put((job, i, (False, wrapped)))
  File "/opt/homebrew/Cellar/python@3.12/3.12.11/Frameworks/Python.framework/Versions/3.12/lib/python3.12/multiprocessing/queues.py", line 399, in put
    self._writer.send_bytes(obj)
  File "/opt/homebrew/Cellar/python@3.12/3.12.11/Frameworks/Python.framework/Versions/3.12/lib/python3.12/multiprocessing/connection.py", line 200, in send_bytes
    self._send_bytes(m[offset:offset + size])
  File "/opt/homebrew/Cellar/python@3.12/3.12.11/Frameworks/Python.framework/Versions/3.12/lib/python3.12/multiprocessing/connection.py", line 427, in _send_bytes
    self._send(header + buf)
  File "/opt/homebrew/Cellar/python@3.12/3.12.11/Frameworks/Python.framework/Versions/3.12/lib/python3.12/multiprocessing/connection.py", line 384, in _send
    n = write(self._handle, buf)
        ^^^^^^^^^^^^^^^^^^^^^^^^
BrokenPipeError: [Errno 32] Broken pipe
🔄 Creating fresh config for experiment 'FullVNC_DNg100_Stim' with paths template 'fly_robot'
✅ Created fresh config:
   Experiment: FullVNC_DNg100_Stim
   Version: debug
   Paths template: fly_robot
   Save dir: /Users/sakshaymahna/Documents/fly-cord-robots/data/simulation_output/FullVNC_DNg100_Stim/debug/run_id=closed_loop_s641_r0
Created 1 stimulus configurations
🔄 Creating fresh config for experiment 'FullVNC_DNg100_Stim' with paths template 'fly_robot'
✅ Created fresh config:
   Experiment: FullVNC_DNg100_Stim
   Version: debug
   Paths template: fly_robot
   Save dir: /Users/sakshaymahna/Documents/fly-cord-robots/data/simulation_output/FullVNC_DNg100_Stim/debug/run_id=closed_loop_s641_r7
Created 1 stimulus configurations
🔄 Creating fresh config for experiment 'FullVNC_DNg100_Stim' with paths template 'fly_robot'
✅ Created fresh config:
   Experiment: FullVNC_DNg100_Stim
   Version: debug
   Paths template: fly_robot
   Save dir: /Users/sakshaymahna/Documents/fly-cord-robots/data/simulation_output/FullVNC_DNg100_Stim/debug/run_id=closed_loop_s641_r6
Created 1 stimulus configurations
🔄 Creating fresh config for experiment 'FullVNC_DNg100_Stim' with paths template 'fly_robot'
✅ Created fresh config:
   Experiment: FullVNC_DNg100_Stim
   Version: debug
   Paths template: fly_robot
   Save dir: /Users/sakshaymahna/Documents/fly-cord-robots/data/simulation_output/FullVNC_DNg100_Stim/debug/run_id=closed_loop_s641_r1
Created 1 stimulus configurations
🔄 Creating fresh config for experiment 'FullVNC_DNg100_Stim' with paths template 'fly_robot'
✅ Created fresh config:
   Experiment: FullVNC_DNg100_Stim
   Version: debug
   Paths template: fly_robot
   Save dir: /Users/sakshaymahna/Documents/fly-cord-robots/data/simulation_output/FullVNC_DNg100_Stim/debug/run_id=closed_loop_s641_r3
Created 1 stimulus configurations
🔄 Creating fresh config for experiment 'FullVNC_DNg100_Stim' with paths template 'fly_robot'
✅ Created fresh config:
   Experiment: FullVNC_DNg100_Stim
   Version: debug
   Paths template: fly_robot
   Save dir: /Users/sakshaymahna/Documents/fly-cord-robots/data/simulation_output/FullVNC_DNg100_Stim/debug/run_id=closed_loop_s641_r4
Created 1 stimulus configurations
Process SpawnPoolWorker-5:
Traceback (most recent call last):
  File "/opt/homebrew/Cellar/python@3.12/3.12.11/Frameworks/Python.framework/Versions/3.12/lib/python3.12/multiprocessing/pool.py", line 131, in worker
    put((job, i, result))
  File "/opt/homebrew/Cellar/python@3.12/3.12.11/Frameworks/Python.framework/Versions/3.12/lib/python3.12/multiprocessing/queues.py", line 399, in put
    self._writer.send_bytes(obj)
  File "/opt/homebrew/Cellar/python@3.12/3.12.11/Frameworks/Python.framework/Versions/3.12/lib/python3.12/multiprocessing/connection.py", line 200, in send_bytes
    self._send_bytes(m[offset:offset + size])
  File "/opt/homebrew/Cellar/python@3.12/3.12.11/Frameworks/Python.framework/Versions/3.12/lib/python3.12/multiprocessing/connection.py", line 427, in _send_bytes
    self._send(header + buf)
  File "/opt/homebrew/Cellar/python@3.12/3.12.11/Frameworks/Python.framework/Versions/3.12/lib/python3.12/multiprocessing/connection.py", line 384, in _send
    n = write(self._handle, buf)
        ^^^^^^^^^^^^^^^^^^^^^^^^
BrokenPipeError: [Errno 32] Broken pipe

During handling of the above exception, another exception occurred:

Traceback (most recent call last):
  File "/opt/homebrew/Cellar/python@3.12/3.12.11/Frameworks/Python.framework/Versions/3.12/lib/python3.12/multiprocessing/process.py", line 314, in _bootstrap
    self.run()
  File "/opt/homebrew/Cellar/python@3.12/3.12.11/Frameworks/Python.framework/Versions/3.12/lib/python3.12/multiprocessing/process.py", line 108, in run
    self._target(*self._args, **self._kwargs)
  File "/opt/homebrew/Cellar/python@3.12/3.12.11/Frameworks/Python.framework/Versions/3.12/lib/python3.12/multiprocessing/pool.py", line 136, in worker
    put((job, i, (False, wrapped)))
  File "/opt/homebrew/Cellar/python@3.12/3.12.11/Frameworks/Python.framework/Versions/3.12/lib/python3.12/multiprocessing/queues.py", line 399, in put
    self._writer.send_bytes(obj)
  File "/opt/homebrew/Cellar/python@3.12/3.12.11/Frameworks/Python.framework/Versions/3.12/lib/python3.12/multiprocessing/connection.py", line 200, in send_bytes
    self._send_bytes(m[offset:offset + size])
  File "/opt/homebrew/Cellar/python@3.12/3.12.11/Frameworks/Python.framework/Versions/3.12/lib/python3.12/multiprocessing/connection.py", line 427, in _send_bytes
    self._send(header + buf)
  File "/opt/homebrew/Cellar/python@3.12/3.12.11/Frameworks/Python.framework/Versions/3.12/lib/python3.12/multiprocessing/connection.py", line 384, in _send
    n = write(self._handle, buf)
        ^^^^^^^^^^^^^^^^^^^^^^^^
BrokenPipeError: [Errno 32] Broken pipe
🔄 Creating fresh config for experiment 'FullVNC_DNg100_Stim' with paths template 'fly_robot'
✅ Created fresh config:
   Experiment: FullVNC_DNg100_Stim
   Version: debug
   Paths template: fly_robot
   Save dir: /Users/sakshaymahna/Documents/fly-cord-robots/data/simulation_output/FullVNC_DNg100_Stim/debug/run_id=closed_loop_s641_r0
Created 1 stimulus configurations
🔄 Creating fresh config for experiment 'FullVNC_DNg100_Stim' with paths template 'fly_robot'
✅ Created fresh config:
   Experiment: FullVNC_DNg100_Stim
   Version: debug
   Paths template: fly_robot
   Save dir: /Users/sakshaymahna/Documents/fly-cord-robots/data/simulation_output/FullVNC_DNg100_Stim/debug/run_id=closed_loop_s641_r7
Created 1 stimulus configurations
🔄 Creating fresh config for experiment 'FullVNC_DNg100_Stim' with paths template 'fly_robot'
✅ Created fresh config:
   Experiment: FullVNC_DNg100_Stim
   Version: debug
   Paths template: fly_robot
   Save dir: /Users/sakshaymahna/Documents/fly-cord-robots/data/simulation_output/FullVNC_DNg100_Stim/debug/run_id=closed_loop_s641_r6
Created 1 stimulus configurations
🔄 Creating fresh config for experiment 'FullVNC_DNg100_Stim' with paths template 'fly_robot'
✅ Created fresh config:
   Experiment: FullVNC_DNg100_Stim
   Version: debug
   Paths template: fly_robot
   Save dir: /Users/sakshaymahna/Documents/fly-cord-robots/data/simulation_output/FullVNC_DNg100_Stim/debug/run_id=closed_loop_s641_r1
Created 1 stimulus configurations
🔄 Creating fresh config for experiment 'FullVNC_DNg100_Stim' with paths template 'fly_robot'
✅ Created fresh config:
   Experiment: FullVNC_DNg100_Stim
   Version: debug
   Paths template: fly_robot
   Save dir: /Users/sakshaymahna/Documents/fly-cord-robots/data/simulation_output/FullVNC_DNg100_Stim/debug/run_id=closed_loop_s641_r3
Created 1 stimulus configurations
🔄 Creating fresh config for experiment 'FullVNC_DNg100_Stim' with paths template 'fly_robot'
✅ Created fresh config:
   Experiment: FullVNC_DNg100_Stim
   Version: debug
   Paths template: fly_robot
   Save dir: /Users/sakshaymahna/Documents/fly-cord-robots/data/simulation_output/FullVNC_DNg100_Stim/debug/run_id=closed_loop_s641_r4
Created 1 stimulus configurations
Process SpawnPoolWorker-3:
Traceback (most recent call last):
  File "/opt/homebrew/Cellar/python@3.12/3.12.11/Frameworks/Python.framework/Versions/3.12/lib/python3.12/multiprocessing/pool.py", line 131, in worker
    put((job, i, result))
  File "/opt/homebrew/Cellar/python@3.12/3.12.11/Frameworks/Python.framework/Versions/3.12/lib/python3.12/multiprocessing/queues.py", line 399, in put
    self._writer.send_bytes(obj)
  File "/opt/homebrew/Cellar/python@3.12/3.12.11/Frameworks/Python.framework/Versions/3.12/lib/python3.12/multiprocessing/connection.py", line 200, in send_bytes
    self._send_bytes(m[offset:offset + size])
  File "/opt/homebrew/Cellar/python@3.12/3.12.11/Frameworks/Python.framework/Versions/3.12/lib/python3.12/multiprocessing/connection.py", line 427, in _send_bytes
    self._send(header + buf)
  File "/opt/homebrew/Cellar/python@3.12/3.12.11/Frameworks/Python.framework/Versions/3.12/lib/python3.12/multiprocessing/connection.py", line 384, in _send
    n = write(self._handle, buf)
        ^^^^^^^^^^^^^^^^^^^^^^^^
BrokenPipeError: [Errno 32] Broken pipe

During handling of the above exception, another exception occurred:

Traceback (most recent call last):
  File "/opt/homebrew/Cellar/python@3.12/3.12.11/Frameworks/Python.framework/Versions/3.12/lib/python3.12/multiprocessing/process.py", line 314, in _bootstrap
    self.run()
  File "/opt/homebrew/Cellar/python@3.12/3.12.11/Frameworks/Python.framework/Versions/3.12/lib/python3.12/multiprocessing/process.py", line 108, in run
    self._target(*self._args, **self._kwargs)
  File "/opt/homebrew/Cellar/python@3.12/3.12.11/Frameworks/Python.framework/Versions/3.12/lib/python3.12/multiprocessing/pool.py", line 136, in worker
    put((job, i, (False, wrapped)))
  File "/opt/homebrew/Cellar/python@3.12/3.12.11/Frameworks/Python.framework/Versions/3.12/lib/python3.12/multiprocessing/queues.py", line 399, in put
    self._writer.send_bytes(obj)
  File "/opt/homebrew/Cellar/python@3.12/3.12.11/Frameworks/Python.framework/Versions/3.12/lib/python3.12/multiprocessing/connection.py", line 200, in send_bytes
    self._send_bytes(m[offset:offset + size])
  File "/opt/homebrew/Cellar/python@3.12/3.12.11/Frameworks/Python.framework/Versions/3.12/lib/python3.12/multiprocessing/connection.py", line 427, in _send_bytes
    self._send(header + buf)
  File "/opt/homebrew/Cellar/python@3.12/3.12.11/Frameworks/Python.framework/Versions/3.12/lib/python3.12/multiprocessing/connection.py", line 384, in _send
    n = write(self._handle, buf)
        ^^^^^^^^^^^^^^^^^^^^^^^^
BrokenPipeError: [Errno 32] Broken pipe
🔄 Creating fresh config for experiment 'FullVNC_DNg100_Stim' with paths template 'fly_robot'
✅ Created fresh config:
   Experiment: FullVNC_DNg100_Stim
   Version: debug
   Paths template: fly_robot
   Save dir: /Users/sakshaymahna/Documents/fly-cord-robots/data/simulation_output/FullVNC_DNg100_Stim/debug/run_id=closed_loop_s641_r0
Created 1 stimulus configurations
🔄 Creating fresh config for experiment 'FullVNC_DNg100_Stim' with paths template 'fly_robot'
✅ Created fresh config:
   Experiment: FullVNC_DNg100_Stim
   Version: debug
   Paths template: fly_robot
   Save dir: /Users/sakshaymahna/Documents/fly-cord-robots/data/simulation_output/FullVNC_DNg100_Stim/debug/run_id=closed_loop_s641_r1
Created 1 stimulus configurations
🔄 Creating fresh config for experiment 'FullVNC_DNg100_Stim' with paths template 'fly_robot'
✅ Created fresh config:
   Experiment: FullVNC_DNg100_Stim
   Version: debug
   Paths template: fly_robot
   Save dir: /Users/sakshaymahna/Documents/fly-cord-robots/data/simulation_output/FullVNC_DNg100_Stim/debug/run_id=closed_loop_s641_r3
Created 1 stimulus configurations
🔄 Creating fresh config for experiment 'FullVNC_DNg100_Stim' with paths template 'fly_robot'
✅ Created fresh config:
   Experiment: FullVNC_DNg100_Stim
   Version: debug
   Paths template: fly_robot
   Save dir: /Users/sakshaymahna/Documents/fly-cord-robots/data/simulation_output/FullVNC_DNg100_Stim/debug/run_id=closed_loop_s641_r4
Created 1 stimulus configurations
🔄 Creating fresh config for experiment 'FullVNC_DNg100_Stim' with paths template 'fly_robot'
✅ Created fresh config:
   Experiment: FullVNC_DNg100_Stim
   Version: debug
   Paths template: fly_robot
   Save dir: /Users/sakshaymahna/Documents/fly-cord-robots/data/simulation_output/FullVNC_DNg100_Stim/debug/run_id=closed_loop_s641_r7
Created 1 stimulus configurations
🔄 Creating fresh config for experiment 'FullVNC_DNg100_Stim' with paths template 'fly_robot'
✅ Created fresh config:
   Experiment: FullVNC_DNg100_Stim
   Version: debug
   Paths template: fly_robot
   Save dir: /Users/sakshaymahna/Documents/fly-cord-robots/data/simulation_output/FullVNC_DNg100_Stim/debug/run_id=closed_loop_s641_r6
Created 1 stimulus configurations
Process SpawnPoolWorker-6:
Traceback (most recent call last):
  File "/opt/homebrew/Cellar/python@3.12/3.12.11/Frameworks/Python.framework/Versions/3.12/lib/python3.12/multiprocessing/pool.py", line 131, in worker
    put((job, i, result))
  File "/opt/homebrew/Cellar/python@3.12/3.12.11/Frameworks/Python.framework/Versions/3.12/lib/python3.12/multiprocessing/queues.py", line 399, in put
    self._writer.send_bytes(obj)
  File "/opt/homebrew/Cellar/python@3.12/3.12.11/Frameworks/Python.framework/Versions/3.12/lib/python3.12/multiprocessing/connection.py", line 200, in send_bytes
    self._send_bytes(m[offset:offset + size])
  File "/opt/homebrew/Cellar/python@3.12/3.12.11/Frameworks/Python.framework/Versions/3.12/lib/python3.12/multiprocessing/connection.py", line 427, in _send_bytes
    self._send(header + buf)
  File "/opt/homebrew/Cellar/python@3.12/3.12.11/Frameworks/Python.framework/Versions/3.12/lib/python3.12/multiprocessing/connection.py", line 384, in _send
    n = write(self._handle, buf)
        ^^^^^^^^^^^^^^^^^^^^^^^^
BrokenPipeError: [Errno 32] Broken pipe

During handling of the above exception, another exception occurred:

Traceback (most recent call last):
  File "/opt/homebrew/Cellar/python@3.12/3.12.11/Frameworks/Python.framework/Versions/3.12/lib/python3.12/multiprocessing/process.py", line 314, in _bootstrap
    self.run()
  File "/opt/homebrew/Cellar/python@3.12/3.12.11/Frameworks/Python.framework/Versions/3.12/lib/python3.12/multiprocessing/process.py", line 108, in run
    self._target(*self._args, **self._kwargs)
  File "/opt/homebrew/Cellar/python@3.12/3.12.11/Frameworks/Python.framework/Versions/3.12/lib/python3.12/multiprocessing/pool.py", line 136, in worker
    put((job, i, (False, wrapped)))
  File "/opt/homebrew/Cellar/python@3.12/3.12.11/Frameworks/Python.framework/Versions/3.12/lib/python3.12/multiprocessing/queues.py", line 399, in put
    self._writer.send_bytes(obj)
  File "/opt/homebrew/Cellar/python@3.12/3.12.11/Frameworks/Python.framework/Versions/3.12/lib/python3.12/multiprocessing/connection.py", line 200, in send_bytes
    self._send_bytes(m[offset:offset + size])
  File "/opt/homebrew/Cellar/python@3.12/3.12.11/Frameworks/Python.framework/Versions/3.12/lib/python3.12/multiprocessing/connection.py", line 427, in _send_bytes
    self._send(header + buf)
  File "/opt/homebrew/Cellar/python@3.12/3.12.11/Frameworks/Python.framework/Versions/3.12/lib/python3.12/multiprocessing/connection.py", line 384, in _send
    n = write(self._handle, buf)
        ^^^^^^^^^^^^^^^^^^^^^^^^
BrokenPipeError: [Errno 32] Broken pipe
🔄 Creating fresh config for experiment 'FullVNC_DNg100_Stim' with paths template 'fly_robot'
✅ Created fresh config:
   Experiment: FullVNC_DNg100_Stim
   Version: debug
   Paths template: fly_robot
   Save dir: /Users/sakshaymahna/Documents/fly-cord-robots/data/simulation_output/FullVNC_DNg100_Stim/debug/run_id=closed_loop_s641_r0
Created 1 stimulus configurations
🔄 Creating fresh config for experiment 'FullVNC_DNg100_Stim' with paths template 'fly_robot'
✅ Created fresh config:
   Experiment: FullVNC_DNg100_Stim
   Version: debug
   Paths template: fly_robot
   Save dir: /Users/sakshaymahna/Documents/fly-cord-robots/data/simulation_output/FullVNC_DNg100_Stim/debug/run_id=closed_loop_s641_r4
Created 1 stimulus configurations
🔄 Creating fresh config for experiment 'FullVNC_DNg100_Stim' with paths template 'fly_robot'
✅ Created fresh config:
   Experiment: FullVNC_DNg100_Stim
   Version: debug
   Paths template: fly_robot
   Save dir: /Users/sakshaymahna/Documents/fly-cord-robots/data/simulation_output/FullVNC_DNg100_Stim/debug/run_id=closed_loop_s641_r7
Created 1 stimulus configurations
🔄 Creating fresh config for experiment 'FullVNC_DNg100_Stim' with paths template 'fly_robot'
✅ Created fresh config:
   Experiment: FullVNC_DNg100_Stim
   Version: debug
   Paths template: fly_robot
   Save dir: /Users/sakshaymahna/Documents/fly-cord-robots/data/simulation_output/FullVNC_DNg100_Stim/debug/run_id=closed_loop_s641_r6
Created 1 stimulus configurations
🔄 Creating fresh config for experiment 'FullVNC_DNg100_Stim' with paths template 'fly_robot'
✅ Created fresh config:
   Experiment: FullVNC_DNg100_Stim
   Version: debug
   Paths template: fly_robot
   Save dir: /Users/sakshaymahna/Documents/fly-cord-robots/data/simulation_output/FullVNC_DNg100_Stim/debug/run_id=closed_loop_s641_r1
Created 1 stimulus configurations
🔄 Creating fresh config for experiment 'FullVNC_DNg100_Stim' with paths template 'fly_robot'
✅ Created fresh config:
   Experiment: FullVNC_DNg100_Stim
   Version: debug
   Paths template: fly_robot
   Save dir: /Users/sakshaymahna/Documents/fly-cord-robots/data/simulation_output/FullVNC_DNg100_Stim/debug/run_id=closed_loop_s641_r3
Created 1 stimulus configurations
